[    0.000000] Linux version 4.15.0-70-generic (buildd@lgw01-amd64-055) (gcc version 7.4.0 (Ubuntu 7.4.0-1ubuntu1~18.04.1)) #79-Ubuntu SMP Tue Nov 12 10:36:11 UTC 2019 (Ubuntu 4.15.0-70.79-generic 4.15.18)
[    0.000000] Command line: BOOT_IMAGE=/boot/vmlinuz-4.15.0-70-generic root=LABEL=cloudimg-rootfs ro console=tty1 console=ttyS0
[    0.000000] KERNEL supported cpus:
[    0.000000]   Intel GenuineIntel
[    0.000000]   AMD AuthenticAMD
[    0.000000]   Centaur CentaurHauls
[    0.000000] x86/fpu: Supporting XSAVE feature 0x001: 'x87 floating point registers'
[    0.000000] x86/fpu: Supporting XSAVE feature 0x002: 'SSE registers'
[    0.000000] x86/fpu: Supporting XSAVE feature 0x004: 'AVX registers'
[    0.000000] x86/fpu: xstate_offset[2]:  576, xstate_sizes[2]:  256
[    0.000000] x86/fpu: Enabled xstate features 0x7, context size is 832 bytes, using 'standard' format.
[    0.000000] e820: BIOS-provided physical RAM map:
[    0.000000] BIOS-e820: [mem 0x0000000000000000-0x000000000009fbff] usable
[    0.000000] BIOS-e820: [mem 0x000000000009fc00-0x000000000009ffff] reserved
[    0.000000] BIOS-e820: [mem 0x00000000000f0000-0x00000000000fffff] reserved
[    0.000000] BIOS-e820: [mem 0x0000000000100000-0x000000003ffeffff] usable
[    0.000000] BIOS-e820: [mem 0x000000003fff0000-0x000000003fffffff] ACPI data
[    0.000000] BIOS-e820: [mem 0x00000000fec00000-0x00000000fec00fff] reserved
[    0.000000] BIOS-e820: [mem 0x00000000fee00000-0x00000000fee00fff] reserved
[    0.000000] BIOS-e820: [mem 0x00000000fffc0000-0x00000000ffffffff] reserved
[    0.000000] NX (Execute Disable) protection: active
[    0.000000] SMBIOS 2.5 present.
[    0.000000] DMI: innotek GmbH VirtualBox/VirtualBox, BIOS VirtualBox 12/01/2006
[    0.000000] Hypervisor detected: KVM
[    0.000000] e820: last_pfn = 0x3fff0 max_arch_pfn = 0x400000000
[    0.000000] MTRR: Disabled
[    0.000000] x86/PAT: MTRRs disabled, skipping PAT initialization too.
[    0.000000] CPU MTRRs all blank - virtualized system.
[    0.000000] x86/PAT: Configuration [0-7]: WB  WT  UC- UC  WB  WT  UC- UC  
[    0.000000] found SMP MP-table at [mem 0x0009fff0-0x0009ffff]
[    0.000000] Scanning 1 areas for low memory corruption
[    0.000000] RAMDISK: [mem 0x35a8b000-0x36d3cfff]
[    0.000000] ACPI: Early table checksum verification disabled
[    0.000000] ACPI: RSDP 0x00000000000E0000 000024 (v02 VBOX  )
[    0.000000] ACPI: XSDT 0x000000003FFF0030 00003C (v01 VBOX   VBOXXSDT 00000001 ASL  00000061)
[    0.000000] ACPI: FACP 0x000000003FFF00F0 0000F4 (v04 VBOX   VBOXFACP 00000001 ASL  00000061)
[    0.000000] ACPI: DSDT 0x000000003FFF0470 0022EA (v02 VBOX   VBOXBIOS 00000002 INTL 20100528)
[    0.000000] ACPI: FACS 0x000000003FFF0200 000040
[    0.000000] ACPI: FACS 0x000000003FFF0200 000040
[    0.000000] ACPI: APIC 0x000000003FFF0240 00005C (v02 VBOX   VBOXAPIC 00000001 ASL  00000061)
[    0.000000] ACPI: SSDT 0x000000003FFF02A0 0001CC (v01 VBOX   VBOXCPUT 00000002 INTL 20100528)
[    0.000000] No NUMA configuration found
[    0.000000] Faking a node at [mem 0x0000000000000000-0x000000003ffeffff]
[    0.000000] NODE_DATA(0) allocated [mem 0x3ffc5000-0x3ffeffff]
[    0.000000] kvm-clock: cpu 0, msr 0:3ff44001, primary cpu clock
[    0.000000] kvm-clock: Using msrs 4b564d01 and 4b564d00
[    0.000000] kvm-clock: using sched offset of 3458140270 cycles
[    0.000000] clocksource: kvm-clock: mask: 0xffffffffffffffff max_cycles: 0x1cd42e4dffb, max_idle_ns: 881590591483 ns
[    0.000000] Zone ranges:
[    0.000000]   DMA      [mem 0x0000000000001000-0x0000000000ffffff]
[    0.000000]   DMA32    [mem 0x0000000001000000-0x000000003ffeffff]
[    0.000000]   Normal   empty
[    0.000000]   Device   empty
[    0.000000] Movable zone start for each node
[    0.000000] Early memory node ranges
[    0.000000]   node   0: [mem 0x0000000000001000-0x000000000009efff]
[    0.000000]   node   0: [mem 0x0000000000100000-0x000000003ffeffff]
[    0.000000] Reserved but unavailable: 98 pages
[    0.000000] Initmem setup node 0 [mem 0x0000000000001000-0x000000003ffeffff]
[    0.000000] ACPI: PM-Timer IO Port: 0x4008
[    0.000000] IOAPIC[0]: apic_id 2, version 32, address 0xfec00000, GSI 0-23
[    0.000000] ACPI: INT_SRC_OVR (bus 0 bus_irq 0 global_irq 2 dfl dfl)
[    0.000000] ACPI: INT_SRC_OVR (bus 0 bus_irq 9 global_irq 9 low level)
[    0.000000] Using ACPI (MADT) for SMP configuration information
[    0.000000] smpboot: Allowing 2 CPUs, 0 hotplug CPUs
[    0.000000] PM: Registered nosave memory: [mem 0x00000000-0x00000fff]
[    0.000000] PM: Registered nosave memory: [mem 0x0009f000-0x0009ffff]
[    0.000000] PM: Registered nosave memory: [mem 0x000a0000-0x000effff]
[    0.000000] PM: Registered nosave memory: [mem 0x000f0000-0x000fffff]
[    0.000000] e820: [mem 0x40000000-0xfebfffff] available for PCI devices
[    0.000000] Booting paravirtualized kernel on KVM
[    0.000000] clocksource: refined-jiffies: mask: 0xffffffff max_cycles: 0xffffffff, max_idle_ns: 7645519600211568 ns
[    0.000000] random: get_random_bytes called from start_kernel+0x99/0x4fd with crng_init=0
[    0.000000] setup_percpu: NR_CPUS:8192 nr_cpumask_bits:2 nr_cpu_ids:2 nr_node_ids:1
[    0.000000] percpu: Embedded 45 pages/cpu s147456 r8192 d28672 u1048576
[    0.000000] PV qspinlock hash table entries: 256 (order: 0, 4096 bytes)
[    0.000000] Built 1 zonelists, mobility grouping on.  Total pages: 257913
[    0.000000] Policy zone: DMA32
[    0.000000] Kernel command line: BOOT_IMAGE=/boot/vmlinuz-4.15.0-70-generic root=LABEL=cloudimg-rootfs ro console=tty1 console=ttyS0
[    0.000000] Memory: 983444K/1048120K available (12300K kernel code, 2481K rwdata, 4264K rodata, 2432K init, 2388K bss, 64676K reserved, 0K cma-reserved)
[    0.000000] SLUB: HWalign=64, Order=0-3, MinObjects=0, CPUs=2, Nodes=1
[    0.000000] ftrace: allocating 39315 entries in 154 pages
[    0.004000] Hierarchical RCU implementation.
[    0.004000] 	RCU restricting CPUs from NR_CPUS=8192 to nr_cpu_ids=2.
[    0.004000] 	Tasks RCU enabled.
[    0.004000] RCU: Adjusting geometry for rcu_fanout_leaf=16, nr_cpu_ids=2
[    0.004000] NR_IRQS: 524544, nr_irqs: 440, preallocated irqs: 16
[    0.004000] Console: colour VGA+ 80x25
[    0.004000] console [tty1] enabled
[    0.004000] console [ttyS0] enabled
[    0.004000] ACPI: Core revision 20170831
[    0.004000] ACPI: 2 ACPI AML tables successfully acquired and loaded
[    0.004000] APIC: Switch to symmetric I/O mode setup
[    0.004000] x2apic enabled
[    0.004000] Switched APIC routing to physical x2apic.
[    0.004000] ..TIMER: vector=0x30 apic1=0 pin1=2 apic2=-1 pin2=-1
[    0.004006] tsc: Detected 1800.002 MHz processor
[    0.005189] Calibrating delay loop (skipped) preset value.. 3600.00 BogoMIPS (lpj=7200008)
[    0.006068] pid_max: default: 32768 minimum: 301
[    0.008047] Security Framework initialized
[    0.009096] Yama: becoming mindful.
[    0.010051] AppArmor: AppArmor initialized
[    0.012059] Dentry cache hash table entries: 131072 (order: 8, 1048576 bytes)
[    0.016128] Inode-cache hash table entries: 65536 (order: 7, 524288 bytes)
[    0.017761] Mount-cache hash table entries: 2048 (order: 2, 16384 bytes)
[    0.018954] Mountpoint-cache hash table entries: 2048 (order: 2, 16384 bytes)
[    0.020265] Last level iTLB entries: 4KB 64, 2MB 8, 4MB 8
[    0.021156] Last level dTLB entries: 4KB 64, 2MB 0, 4MB 0, 1GB 4
[    0.022153] Spectre V1 : Mitigation: usercopy/swapgs barriers and __user pointer sanitization
[    0.024003] Spectre V2 : Mitigation: Full generic retpoline
[    0.024911] Spectre V2 : Spectre v2 / SpectreRSB mitigation: Filling RSB on context switch
[    0.026283] Speculative Store Bypass: Vulnerable
[    0.027144] MDS: Mitigation: Clear CPU buffers
[    0.028188] Freeing SMP alternatives memory: 36K
[    0.139037] smpboot: CPU0: Intel(R) Core(TM) i5-8265U CPU @ 1.60GHz (family: 0x6, model: 0x8e, stepping: 0xb)
[    0.140000] Performance Events: unsupported p6 CPU model 142 no PMU driver, software events only.
[    0.140000] Hierarchical SRCU implementation.
[    0.140564] NMI watchdog: Perf event create on CPU 0 failed with -2
[    0.141724] NMI watchdog: Perf NMI watchdog permanently disabled
[    0.142813] smp: Bringing up secondary CPUs ...
[    0.143716] x86: Booting SMP configuration:
[    0.144003] .... node  #0, CPUs:      #1
[    0.004000] kvm-clock: cpu 1, msr 0:3ff44041, secondary cpu clock
[    0.148022] smp: Brought up 1 node, 2 CPUs
[    0.149014] smpboot: Max logical packages: 1
[    0.150017] smpboot: Total of 2 processors activated (7200.00 BogoMIPS)
[    0.152179] devtmpfs: initialized
[    0.152693] x86/mm: Memory block size: 128MB
[    0.153579] evm: security.selinux
[    0.154186] evm: security.SMACK64
[    0.154789] evm: security.SMACK64EXEC
[    0.156003] evm: security.SMACK64TRANSMUTE
[    0.156919] evm: security.SMACK64MMAP
[    0.157828] evm: security.apparmor
[    0.158441] evm: security.ima
[    0.159024] evm: security.capability
[    0.160107] clocksource: jiffies: mask: 0xffffffff max_cycles: 0xffffffff, max_idle_ns: 7645041785100000 ns
[    0.162223] futex hash table entries: 512 (order: 3, 32768 bytes)
[    0.164032] pinctrl core: initialized pinctrl subsystem
[    0.165223] RTC time:  6:12:45, date: 11/29/19
[    0.168165] NET: Registered protocol family 16
[    0.169141] audit: initializing netlink subsys (disabled)
[    0.170207] audit: type=2000 audit(1575007970.785:1): state=initialized audit_enabled=0 res=1
[    0.172015] cpuidle: using governor ladder
[    0.173017] cpuidle: using governor menu
[    0.173969] ACPI: bus type PCI registered
[    0.174862] acpiphp: ACPI Hot Plug PCI Controller Driver version: 0.5
[    0.176131] PCI: Using configuration type 1 for base access
[    0.180036] HugeTLB registered 2.00 MiB page size, pre-allocated 0 pages
[    0.181128] ACPI: Added _OSI(Module Device)
[    0.181128] ACPI: Added _OSI(Processor Device)
[    0.181606] ACPI: Added _OSI(3.0 _SCP Extensions)
[    0.182494] ACPI: Added _OSI(Processor Aggregator Device)
[    0.184005] ACPI: Added _OSI(Linux-Dell-Video)
[    0.184814] ACPI: Added _OSI(Linux-Lenovo-NV-HDMI-Audio)
[    0.185780] ACPI: Added _OSI(Linux-HPI-Hybrid-Graphics)
[    0.188103] ACPI: Executed 1 blocks of module-level executable AML code
[    0.196769] ACPI: Interpreter enabled
[    0.197780] ACPI: (supports S0 S5)
[    0.198673] ACPI: Using IOAPIC for interrupt routing
[    0.200521] PCI: Using host bridge windows from ACPI; if necessary, use "pci=nocrs" and report a bug
[    0.203079] ACPI: Enabled 2 GPEs in block 00 to 07
[    0.212520] ACPI: PCI Root Bridge [PCI0] (domain 0000 [bus 00-ff])
[    0.213630] acpi PNP0A03:00: _OSC: OS supports [ASPM ClockPM Segments MSI]
[    0.215489] acpi PNP0A03:00: _OSC: not requesting OS control; OS requires [ExtendedConfig ASPM ClockPM MSI]
[    0.216022] acpi PNP0A03:00: fail to add MMCONFIG information, can't access extended PCI configuration space under this bridge.
[    0.218395] PCI host bridge to bus 0000:00
[    0.219145] pci_bus 0000:00: root bus resource [io  0x0000-0x0cf7 window]
[    0.220011] pci_bus 0000:00: root bus resource [io  0x0d00-0xffff window]
[    0.221166] pci_bus 0000:00: root bus resource [mem 0x000a0000-0x000bffff window]
[    0.224011] pci_bus 0000:00: root bus resource [mem 0x40000000-0xfdffffff window]
[    0.225379] pci_bus 0000:00: root bus resource [bus 00-ff]
[    0.228906] pci 0000:00:01.1: legacy IDE quirk: reg 0x10: [io  0x01f0-0x01f7]
[    0.230138] pci 0000:00:01.1: legacy IDE quirk: reg 0x14: [io  0x03f6]
[    0.231193] pci 0000:00:01.1: legacy IDE quirk: reg 0x18: [io  0x0170-0x0177]
[    0.232002] pci 0000:00:01.1: legacy IDE quirk: reg 0x1c: [io  0x0376]
[    0.248853] pci 0000:00:07.0: quirk: [io  0x4000-0x403f] claimed by PIIX4 ACPI
[    0.251246] pci 0000:00:07.0: quirk: [io  0x4100-0x410f] claimed by PIIX4 SMB
[    0.258579] ACPI: PCI Interrupt Link [LNKA] (IRQs 5 9 10 *11)
[    0.260083] ACPI: PCI Interrupt Link [LNKB] (IRQs 5 9 *10 11)
[    0.261278] ACPI: PCI Interrupt Link [LNKC] (IRQs 5 *9 10 11)
[    0.262420] ACPI: PCI Interrupt Link [LNKD] (IRQs 5 9 10 *11)
[    0.263843] SCSI subsystem initialized
[    0.264069] pci 0000:00:02.0: vgaarb: setting as boot VGA device
[    0.265038] pci 0000:00:02.0: vgaarb: VGA device added: decodes=io+mem,owns=io+mem,locks=none
[    0.266539] pci 0000:00:02.0: vgaarb: bridge control possible
[    0.268003] vgaarb: loaded
[    0.268601] ACPI: bus type USB registered
[    0.269419] usbcore: registered new interface driver usbfs
[    0.270480] usbcore: registered new interface driver hub
[    0.271474] usbcore: registered new device driver usb
[    0.272073] EDAC MC: Ver: 3.0.0
[    0.272909] PCI: Using ACPI for IRQ routing
[    0.273140] NetLabel: Initializing
[    0.273795] NetLabel:  domain hash size = 128
[    0.276003] NetLabel:  protocols = UNLABELED CIPSOv4 CALIPSO
[    0.277103] NetLabel:  unlabeled traffic allowed by default
[    0.278128] clocksource: Switched to clocksource kvm-clock
[    0.294258] VFS: Disk quotas dquot_6.6.0
[    0.295014] VFS: Dquot-cache hash table entries: 512 (order 0, 4096 bytes)
[    0.296225] AppArmor: AppArmor Filesystem Enabled
[    0.297046] pnp: PnP ACPI init
[    0.298691] pnp: PnP ACPI: found 3 devices
[    0.309128] clocksource: acpi_pm: mask: 0xffffff max_cycles: 0xffffff, max_idle_ns: 2085701024 ns
[    0.310764] NET: Registered protocol family 2
[    0.311781] TCP established hash table entries: 8192 (order: 4, 65536 bytes)
[    0.313142] TCP bind hash table entries: 8192 (order: 5, 131072 bytes)
[    0.317108] TCP: Hash tables configured (established 8192 bind 8192)
[    0.318446] UDP hash table entries: 512 (order: 2, 16384 bytes)
[    0.319479] UDP-Lite hash table entries: 512 (order: 2, 16384 bytes)
[    0.320653] NET: Registered protocol family 1
[    0.321452] pci 0000:00:00.0: Limiting direct PCI/PCI transfers
[    0.322459] pci 0000:00:01.0: Activating ISA DMA hang workarounds
[    0.323570] pci 0000:00:02.0: Video device with shadowed ROM at [mem 0x000c0000-0x000dffff]
[    0.325381] Unpacking initramfs...
[    0.629020] Freeing initrd memory: 19144K
[    0.630062] clocksource: tsc: mask: 0xffffffffffffffff max_cycles: 0x19f22b76be8, max_idle_ns: 440795216487 ns
[    0.631891] platform rtc_cmos: registered platform RTC device (no PNP device found)
[    0.633390] Scanning for low memory corruption every 60 seconds
[    0.635368] Initialise system trusted keyrings
[    0.636280] Key type blacklist registered
[    0.637457] workingset: timestamp_bits=36 max_order=18 bucket_order=0
[    0.639680] zbud: loaded
[    0.640964] squashfs: version 4.0 (2009/01/31) Phillip Lougher
[    0.642350] fuse init (API version 7.26)
[    0.646875] Key type asymmetric registered
[    0.647693] Asymmetric key parser 'x509' registered
[    0.648594] Block layer SCSI generic (bsg) driver version 0.4 loaded (major 246)
[    0.649990] io scheduler noop registered
[    0.650715] io scheduler deadline registered
[    0.651486] io scheduler cfq registered (default)
[    0.652574] ACPI: AC Adapter [AC] (on-line)
[    0.653347] input: Power Button as /devices/LNXSYSTM:00/LNXPWRBN:00/input/input0
[    0.654750] ACPI: Power Button [PWRF]
[    0.655486] input: Sleep Button as /devices/LNXSYSTM:00/LNXSLPBN:00/input/input1
[    0.656789] ACPI: Sleep Button [SLPF]
[    0.658590] ACPI: Battery Slot [BAT0] (battery present)
[    0.659681] Serial: 8250/16550 driver, 32 ports, IRQ sharing enabled
[    0.681626] 00:02: ttyS0 at I/O 0x3f8 (irq = 4, base_baud = 115200) is a 16550A
[    0.688638] Linux agpgart interface v0.103
[    0.691170] loop: module loaded
[    0.692400] scsi host0: ata_piix
[    0.693179] scsi host1: ata_piix
[    0.693811] ata1: PATA max UDMA/33 cmd 0x1f0 ctl 0x3f6 bmdma 0xd000 irq 14
[    0.694940] ata2: PATA max UDMA/33 cmd 0x170 ctl 0x376 bmdma 0xd008 irq 15
[    0.696471] libphy: Fixed MDIO Bus: probed
[    0.697205] tun: Universal TUN/TAP device driver, 1.6
[    0.698437] PPP generic driver version 2.4.2
[    0.699341] ehci_hcd: USB 2.0 'Enhanced' Host Controller (EHCI) Driver
[    0.700452] ehci-pci: EHCI PCI platform driver
[    0.701280] ehci-platform: EHCI generic platform driver
[    0.702169] ohci_hcd: USB 1.1 'Open' Host Controller (OHCI) Driver
[    0.703185] ohci-pci: OHCI PCI platform driver
[    0.704003] ohci-platform: OHCI generic platform driver
[    0.704924] uhci_hcd: USB Universal Host Controller Interface driver
[    0.706032] i8042: PNP: PS/2 Controller [PNP0303:PS2K,PNP0f03:PS2M] at 0x60,0x64 irq 1,12
[    0.707896] serio: i8042 KBD port at 0x60,0x64 irq 1
[    0.708783] serio: i8042 AUX port at 0x60,0x64 irq 12
[    0.709877] mousedev: PS/2 mouse device common for all mice
[    0.711447] rtc_cmos rtc_cmos: rtc core: registered rtc_cmos as rtc0
[    0.712745] input: AT Translated Set 2 keyboard as /devices/platform/i8042/serio0/input/input2
[    0.714230] rtc_cmos rtc_cmos: alarms up to one day, 114 bytes nvram
[    0.715443] i2c /dev entries driver
[    0.716154] device-mapper: uevent: version 1.0.3
[    0.717120] device-mapper: ioctl: 4.37.0-ioctl (2017-09-20) initialised: dm-devel@redhat.com
[    0.718600] ledtrig-cpu: registered to indicate activity on CPUs
[    0.720076] NET: Registered protocol family 10
[    0.724713] Segment Routing with IPv6
[    0.725418] NET: Registered protocol family 17
[    0.726329] Key type dns_resolver registered
[    0.727382] mce: Using 0 MCE banks
[    0.728048] RAS: Correctable Errors collector initialized.
[    0.728984] sched_clock: Marking stable (728027870, 0)->(908943193, -180915323)
[    0.730644] registered taskstats version 1
[    0.731380] Loading compiled-in X.509 certificates
[    0.734525] Loaded X.509 cert 'Build time autogenerated kernel key: 1859b0531897959199376c446a0bd70df75fd1fc'
[    0.736217] zswap: loaded using pool lzo/zbud
[    0.740347] Key type big_key registered
[    0.741066] Key type trusted registered
[    0.743501] Key type encrypted registered
[    0.744317] AppArmor: AppArmor sha1 policy hashing enabled
[    0.745294] ima: No TPM chip found, activating TPM-bypass! (rc=-19)
[    0.746336] ima: Allocated hash algorithm: sha1
[    0.747141] evm: HMAC attrs: 0x1
[    0.748151]   Magic number: 11:14:217
[    0.749135] rtc_cmos rtc_cmos: setting system clock to 2019-11-29 06:12:46 UTC (1575007966)
[    0.751474] BIOS EDD facility v0.16 2004-Jun-25, 0 devices found
[    0.752514] EDD information not available.
[    0.858688] Freeing unused kernel image memory: 2432K
[    0.878526] Write protecting the kernel read-only data: 20480k
[    0.880251] Freeing unused kernel image memory: 2008K
[    0.881631] Freeing unused kernel image memory: 1880K
[    0.890325] x86/mm: Checked W+X mappings: passed, no W+X pages found.
Loading, please wait...
starting version 237
[    0.951770] e1000: Intel(R) PRO/1000 Network Driver - version 7.3.21-k8-NAPI
[    0.953160] e1000: Copyright (c) 1999-2006 Intel Corporation.
[    0.956339] Fusion MPT base driver 3.04.20
[    0.957145] Copyright (c) 1999-2008 LSI Corporation
[    0.969239] AVX2 version of gcm_enc/dec engaged.
[    0.970260] AES CTR mode by8 optimization enabled
[    0.972102] Fusion MPT SPI Host driver 3.04.20
[    0.977892] mptbase: ioc0: Initiating bringup
[    1.080497] ioc0: LSI53C1030 A0: Capabilities={Initiator}
[    1.177450] input: ImExPS/2 Generic Explorer Mouse as /devices/platform/i8042/serio1/input/input4
[    1.324047] scsi host2: ioc0: LSI53C1030 A0, FwRev=00000000h, Ports=1, MaxQ=256, IRQ=20
[    1.493161] scsi 2:0:0:0: Direct-Access     VBOX     HARDDISK         1.0  PQ: 0 ANSI: 5
[    1.536121] scsi target2:0:0: Beginning Domain Validation
[    1.538372] scsi target2:0:0: Domain Validation skipping write tests
[    1.539449] scsi target2:0:0: Ending Domain Validation
[    1.540441] scsi target2:0:0: asynchronous
[    1.541745] scsi 2:0:1:0: Direct-Access     VBOX     HARDDISK         1.0  PQ: 0 ANSI: 5
[    1.832061] scsi target2:0:1: Beginning Domain Validation
[    1.834889] random: fast init done
[    1.836423] scsi target2:0:1: Domain Validation skipping write tests
[    1.838386] scsi target2:0:1: Ending Domain Validation
[    1.840060] scsi target2:0:1: asynchronous
[    1.846188] random: systemd-udevd: uninitialized urandom read (16 bytes read)
[    1.848292] random: systemd-udevd: uninitialized urandom read (16 bytes read)
[    1.850271] random: systemd-udevd: uninitialized urandom read (16 bytes read)
[    1.851828] sd 2:0:0:0: Attached scsi generic sg0 type 0
[    1.853087] sd 2:0:0:0: [sda] 20971520 512-byte logical blocks: (10.7 GB/10.0 GiB)
[    1.854701] sd 2:0:1:0: Attached scsi generic sg1 type 0
[    1.854702] sd 2:0:0:0: [sda] Write Protect is off
[    1.858187] sd 2:0:1:0: [sdb] 20480 512-byte logical blocks: (10.5 MB/10.0 MiB)
[    1.859530] sd 2:0:0:0: [sda] Incomplete mode parameter data
[    1.860711] sd 2:0:0:0: [sda] Assuming drive cache: write through
[    1.860777] sd 2:0:1:0: [sdb] Write Protect is off
[    1.862838] sd 2:0:1:0: [sdb] Incomplete mode parameter data
[    1.863831] sd 2:0:1:0: [sdb] Assuming drive cache: write through
[    1.866184]  sda: sda1
[    1.867628] sd 2:0:1:0: [sdb] Attached SCSI disk
[    1.867660] sd 2:0:0:0: [sda] Attached SCSI disk
[    1.898088] e1000 0000:00:03.0 eth0: (PCI:33MHz:32-bit) 02:00:53:70:0f:50
[    1.899462] e1000 0000:00:03.0 eth0: Intel(R) PRO/1000 Network Connection
[    1.901617] e1000 0000:00:03.0 enp0s3: renamed from eth0
Begin: Loading essential drivers ... [    3.444040] raid6: sse2x1   gen() 12153 MB/s
[    3.492179] raid6: sse2x1   xor()  8786 MB/s
[    3.540295] raid6: sse2x2   gen() 14875 MB/s
[    3.588421] raid6: sse2x2   xor()  9874 MB/s
[    3.636535] raid6: sse2x4   gen() 15732 MB/s
[    3.684136] raid6: sse2x4   xor() 10794 MB/s
[    3.732258] raid6: avx2x1   gen() 24010 MB/s
[    3.780373] raid6: avx2x1   xor() 16700 MB/s
[    3.828494] raid6: avx2x2   gen() 28971 MB/s
[    3.876131] raid6: avx2x2   xor() 17733 MB/s
[    3.924194] raid6: avx2x4   gen() 32758 MB/s
[    3.972339] raid6: avx2x4   xor() 20543 MB/s
[    3.973177] raid6: using algorithm avx2x4 gen() 32758 MB/s
[    3.974123] raid6: .... xor() 20543 MB/s, rmw enabled
[    3.975086] raid6: using avx2x2 recovery algorithm
[    3.977167] xor: automatically using best checksumming function   avx       
[    3.979484] async_tx: api initialized (async)
done.
Begin: Running /scripts/init-premount ... done.
Begin: Mounting root file system ... Begin: Running /scripts/local-top ... done.
Begin: Running /scripts/local-premount ... [    4.026590] Btrfs loaded, crc32c=crc32c-intel
Scanning for Btrfs filesystems
done.
Warning: fsck not present, so skipping root file system
[    4.054087] EXT4-fs (sda1): mounted filesystem with ordered data mode. Opts: (null)
done.
Begin: Running /scripts/local-bottom ... done.
Begin: Running /scripts/init-bottom ... done.
[    4.207049] ip_tables: (C) 2000-2006 Netfilter Core Team
[    4.214406] systemd[1]: systemd 237 running in system mode. (+PAM +AUDIT +SELINUX +IMA +APPARMOR +SMACK +SYSVINIT +UTMP +LIBCRYPTSETUP +GCRYPT +GNUTLS +ACL +XZ +LZ4 +SECCOMP +BLKID +ELFUTILS +KMOD -IDN2 +IDN -PCRE2 default-hierarchy=hybrid)
[    4.217942] systemd[1]: Detected virtualization oracle.
[    4.219029] systemd[1]: Detected architecture x86-64.

Welcome to [1mUbuntu 18.04.3 LTS[0m!

[    4.236903] systemd[1]: Set hostname to <ubuntu>.
[    4.240209] systemd[1]: Initializing machine ID from random generator.
[    4.241580] systemd[1]: Installed transient /etc/machine-id file.
[    4.460362] systemd[1]: Reached target User and Group Name Lookups.
[[0;32m  OK  [0m] Reached target User and Group Name Lookups.
[    4.475154] systemd[1]: Set up automount Arbitrary Executable File Formats File System Automount Point.
[[0;32m  OK  [0m] Set up automount Arbitrary Executabâ€¦rmats File System Automount Point.
[    4.491855] systemd[1]: Reached target Swap.
[[0;32m  OK  [0m] Reached target Swap.
[    4.493407] systemd[1]: Started Forward Password Requests to Wall Directory Watch.
[[0;32m  OK  [0m] Started Forward Password Requests to Wall Directory Watch.
[[0;32m  OK  [0m] Created slice System Slice.
[[0;32m  OK  [0m] Listening on LVM2 poll daemon socket.
[[0;32m  OK  [0m] Listening on Syslog Socket.
[[0;32m  OK  [0m] Listening on Journal Audit Socket.
[[0;32m  OK  [0m] Listening on Journal Socket.
         Starting Create list of required stâ€¦ce nodes for the current kernel...
         Starting Uncomplicated firewall...
[[0;32m  OK  [0m] Listening on Network Service Netlink Socket.
         Mounting POSIX Message Queue File System...
         Mounting Kernel Debug File System...
[[0;32m  OK  [0m] Listening on Journal Socket (/dev/log).
         Starting Journal Service...
[[0;32m  OK  [0m] Listening on udev Control Socket.
[[0;32m  OK  [0m] Listening on LVM2 metadata daemon socket.
         Starting Remount Root and Kernel File Systems...
[[0;32m  OK  [0m] Listening on Device-mapper event daemon FIFOs.
[[0;32m  OK  [0m] Created slice system-serial\x2dgetty.slice.
[[0;32m  OK  [0m] Reached target System Time Synchronized.
         Mounting Huge Pages File System...
[    4.595499] EXT4-fs (sda1): re-mounted. Opts: (null)
[[0;32m  OK  [0m] Created slice User and Session Slice.
[[0;32m  OK  [0m] Reached target Slices.
[[0;32m  OK  [0m] Listening on udev Kernel Socket.
         Starting udev Coldplug all Devices...
         Starting Load Kernel Modules...
         Starting Monitoring of LVM2 mirrorsâ€¦ng dmeventd or progress polling...
         Starting Set the console keyboard layout...
[[0;32m  OK  [0m] Listening on /dev/initctl Compatibility Named Pipe.
[    4.663837] Loading iSCSI transport class v2.0-870.
[[0;32m  OK  [0m] Started Journal Service.
[    4.670127] iscsi: registered transport (tcp)
[[0;32m  OK  [0m] Started Create list of required staâ€¦vice nodes for the current kernel.
[[0;32m  OK  [0m] Started Uncomplicated firewall.
[[0;32m  OK  [0m] Mounted POSIX Message Queue File System.
[    4.685854] iscsi: registered transport (iser)
[[0;32m  OK  [0m] Mounted Kernel Debug File System.
[[0;32m  OK  [0m] Started Remount Root and Kernel File Systems.
[[0;32m  OK  [0m] Mounted Huge Pages File System.
[[0;32m  OK  [0m] Started Load Kernel Modules.
[[0;32m  OK  [0m] Started LVM2 metadata daemon.
         Mounting Kernel Configuration File System...
         Mounting FUSE Control File System...
         Starting Apply Kernel Variables...
         Starting Load/Save Random Seed...
         Starting Create Static Device Nodes in /dev...
         Starting Flush Journal to Persistent Storage...
[[0;32m  OK  [0m] Started udev Coldplug all Devices.
[[0;32m  OK  [0m] Mounted Kernel Configuration File System.
[[0;32m  OK  [0m] Mounted FUSE Control File System.
[[0;32m  OK  [0m] Started Monitoring of LVM2 mirrors,â€¦sing dmeventd or progress polling.
[[0;32m  OK  [0m] Started Load/Save Random Seed.
[[0;32m  OK  [0m] Started Apply Kernel Variables.
[[0;32m  OK  [0m] Started Create Static Device Nodes in /dev.
         Starting udev Kernel Device Manager...
[[0;32m  OK  [0m] Started Flush Journal to Persistent Storage.
[[0;32m  OK  [0m] Started udev Kernel Device Manager.
[[0;32m  OK  [0m] Found device /dev/ttyS0.
[[0;32m  OK  [0m] Listening on Load/Save RF Kill Switch Status /dev/rfkill Watch.
[[0;32m  OK  [0m] Started Set the console keyboard layout.
[[0;32m  OK  [0m] Reached target Local File Systems (Pre).
[[0;32m  OK  [0m] Reached target Local File Systems.
         Starting Set console font and keymap...
         Starting ebtables ruleset management...
         Starting Commit a transient machine-id on disk...
         Starting AppArmor initialization...
         Starting Create Volatile Files and Directories...
         Starting Tell Plymouth To Write Out Runtime Data...
[[0;32m  OK  [0m] Started Dispatch Password Requests to Console Directory Watch.
[[0;32m  OK  [0m] Reached target Local Encrypted Volumes.
[[0;32m  OK  [0m] Started Set console font and keymap.
[[0;32m  OK  [0m] Started Tell Plymouth To Write Out Runtime Data.
[[0;32m  OK  [0m] Started Create Volatile Files and Directories.
[[0;32m  OK  [0m] Started Commit a transient machine-id on disk.
         Starting Update UTMP about System Boot/Shutdown...
[[0;32m  OK  [0m] Started Update UTMP about System Boot/Shutdown.
[[0;32m  OK  [0m] Started ebtables ruleset management.
[[0;32m  OK  [0m] Started AppArmor initialization.
         Starting Initial cloud-init job (pre-networking)...
[    8.326606] cloud-init[664]: Cloud-init v. 19.2-36-g059d049c-0ubuntu2~18.04.1 running 'init-local' at Fri, 29 Nov 2019 06:12:53 +0000. Up 7.88 seconds.
[[0;32m  OK  [0m] Started Initial cloud-init job (pre-networking).
[[0;32m  OK  [0m] Reached target Network (Pre).
         Starting Network Service...
[[0;32m  OK  [0m] Started Network Service.
         Starting Wait for Network to be Configured...
         Starting Network Name Resolution...
[[0;32m  OK  [0m] Started Network Name Resolution.
[[0;32m  OK  [0m] Reached target Host and Network Name Lookups.
[[0;32m  OK  [0m] Reached target Network.
[[0;32m  OK  [0m] Started Wait for Network to be Configured.
         Starting Initial cloud-init job (metadata service crawler)...
[   10.824730] cloud-init[773]: Cloud-init v. 19.2-36-g059d049c-0ubuntu2~18.04.1 running 'init' at Fri, 29 Nov 2019 06:12:56 +0000. Up 10.62 seconds.
[   10.836180] cloud-init[773]: ci-info: ++++++++++++++++++++++++++++++++++++Net device info++++++++++++++++++++++++++++++++++++
[   10.837005] cloud-init[773]: ci-info: +--------+------+------------------------+---------------+--------+-------------------+
[   10.837938] cloud-init[773]: ci-info: | Device |  Up  |        Address         |      Mask     | Scope  |     Hw-Address    |
[   10.839258] cloud-init[773]: ci-info: +--------+------+------------------------+---------------+--------+-------------------+
[   10.840552] cloud-init[773]: ci-info: | enp0s3 | True |       10.0.2.15        | 255.255.255.0 | global | 02:00:53:70:0f:50 |
[   10.841911] cloud-init[773]: ci-info: | enp0s3 | True | fe80::53ff:fe70:f50/64 |       .       |  link  | 02:00:53:70:0f:50 |
[   10.843221] cloud-init[773]: ci-info: |   lo   | True |       127.0.0.1        |   255.0.0.0   |  host  |         .         |
[   10.844770] cloud-init[773]: ci-info: |   lo   | True |        ::1/128         |       .       |  host  |         .         |
[   10.846666] cloud-init[773]: ci-info: +--------+------+------------------------+---------------+--------+-------------------+
[   10.848566] cloud-init[773]: ci-info: ++++++++++++++++++++++++++++Route IPv4 info+++++++++++++++++++++++++++++
[   10.850330] cloud-init[773]: ci-info: +-------+-------------+----------+-----------------+-----------+-------+
[   10.851981] cloud-init[773]: ci-info: | Route | Destination | Gateway  |     Genmask     | Interface | Flags |
[   10.853670] cloud-init[773]: ci-info: +-------+-------------+----------+-----------------+-----------+-------+
[   10.864397] cloud-init[773]: ci-info: |   0   |   0.0.0.0   | 10.0.2.2 |     0.0.0.0     |   enp0s3  |   UG  |
[   10.866722] cloud-init[773]: ci-info: |   1   |   10.0.2.0  | 0.0.0.0  |  255.255.255.0  |   enp0s3  |   U   |
[   10.868316] cloud-init[773]: ci-info: |   2   |   10.0.2.2  | 0.0.0.0  | 255.255.255.255 |   enp0s3  |   UH  |
[   10.870002] cloud-init[773]: ci-info: +-------+-------------+----------+-----------------+-----------+-------+
[   10.871385] cloud-init[773]: ci-info: +++++++++++++++++++Route IPv6 info+++++++++++++++++++
[   10.873435] cloud-init[773]: ci-info: +-------+-------------+---------+-----------+-------+
[   10.875210] cloud-init[773]: ci-info: | Route | Destination | Gateway | Interface | Flags |
[   10.876473] cloud-init[773]: ci-info: +-------+-------------+---------+-----------+-------+
[   10.877908] cloud-init[773]: ci-info: |   1   |  fe80::/64  |    ::   |   enp0s3  |   U   |
[   10.888257] cloud-init[773]: ci-info: |   3   |    local    |    ::   |   enp0s3  |   U   |
[   10.900752] cloud-init[773]: ci-info: |   4   |   ff00::/8  |    ::   |   enp0s3  |   U   |
[   10.902100] cloud-init[773]: ci-info: +-------+-------------+---------+-----------+-------+
[   11.664436] cloud-init[773]: Generating public/private rsa key pair.
[   11.666295] cloud-init[773]: Your identification has been saved in /etc/ssh/ssh_host_rsa_key.
[   11.668769] cloud-init[773]: Your public key has been saved in /etc/ssh/ssh_host_rsa_key.pub.
[   11.670700] cloud-init[773]: The key fingerprint is:
[   11.671952] cloud-init[773]: SHA256:tNOEsGEahc76stPh+BSH2gMCKTTgNAjHdk5HFkLvxPA root@ubuntu-bionic
[   11.674479] cloud-init[773]: The key's randomart image is:
[   11.676353] cloud-init[773]: +---[RSA 2048]----+
[   11.677792] cloud-init[773]: |**..=+O.         |
[   11.679471] cloud-init[773]: |=o= +@.+ .       |
[   11.681056] cloud-init[773]: |+o *..E o .      |
[   11.682776] cloud-init[773]: |o   ++ . +       |
[   11.684688] cloud-init[773]: |. ..o o S .      |
[   11.686152] cloud-init[773]: | ..+.o   .       |
[   11.687396] cloud-init[773]: |  .=+.           |
[   11.688623] cloud-init[773]: |  +.+.           |
[   11.690067] cloud-init[773]: |  .=.            |
[   11.691521] cloud-init[773]: +----[SHA256]-----+
[   11.693084] cloud-init[773]: Generating public/private dsa key pair.
[   11.694994] cloud-init[773]: Your identification has been saved in /etc/ssh/ssh_host_dsa_key.
[   11.697570] cloud-init[773]: Your public key has been saved in /etc/ssh/ssh_host_dsa_key.pub.
[   11.700357] cloud-init[773]: The key fingerprint is:
[   11.712359] cloud-init[773]: SHA256:8/lh0pk47SPa/6+VV8AmG6hGkiJG/1x2iQN+/5y/G3o root@ubuntu-bionic
[   11.714151] cloud-init[773]: The key's randomart image is:
[   11.715489] cloud-init[773]: +---[DSA 1024]----+
[   11.716584] cloud-init[773]: |  .   .          |
[   11.717871] cloud-init[773]: | . . . o . o .   |
[   11.719300] cloud-init[773]: |  o o + B + o +  |
[   11.721354] cloud-init[773]: | . . + * =   = . |
[   11.723395] cloud-init[773]: |      o S . .   .|
[   11.725069] cloud-init[773]: |       . o B +  o|
[   11.726276] cloud-init[773]: |          * @ ..o|
[   11.727489] cloud-init[773]: |         ..*.+Eo.|
[   11.728708] cloud-init[773]: |        ...o=+*=.|
[   11.729881] cloud-init[773]: +----[SHA256]-----+
[   11.731069] cloud-init[773]: Generating public/private ecdsa key pair.
[   11.732637] cloud-init[773]: Your identification has been saved in /etc/ssh/ssh_host_ecdsa_key.
[   11.734929] cloud-init[773]: Your public key has been saved in /etc/ssh/ssh_host_ecdsa_key.pub.
[   11.736815] cloud-init[773]: The key fingerprint is:
[   11.737977] cloud-init[773]: SHA256:x/nsi9JOLsiZeV8Vt5jFDfMpsYwoJXmY7ErORTkjQvw root@ubuntu-bionic
[   11.739754] cloud-init[773]: The key's randomart image is:
[   11.741105] cloud-init[773]: +---[ECDSA 256]---+
[   11.742264] cloud-init[773]: |  o.  ..=.   .o  |
[   11.743420] cloud-init[773]: |   o . Xo.. o ++o|
[   11.744576] cloud-init[773]: |    o +.+. . +.++|
[   11.745677] cloud-init[773]: |     E o.. .  =o.|
[   11.746600] cloud-init[773]: |    + o S +  o.. |
[   11.747441] cloud-init[773]: |     +   . o .   |
[   11.748454] cloud-init[773]: |     . = .. +    |
[   11.750372] cloud-init[773]: |      * +o.+     |
[   11.752187] cloud-init[773]: |       . == o.   |
[   11.753592] cloud-init[773]: +----[SHA256]-----+
[   11.755075] cloud-init[773]: Generating public/private ed25519 key pair.
[   11.756932] cloud-init[773]: Your identification has been saved in /etc/ssh/ssh_host_ed25519_key.
[   11.759335] cloud-init[773]: Your public key has been saved in /etc/ssh/ssh_host_ed25519_key.pub.
[   11.761661] cloud-init[773]: The key fingerprint is:
[   11.763086] cloud-init[773]: SHA256:ClXe6ytvuYK1S11Rk5kPwXJncTwwXidDHeEQK5dkUnQ root@ubuntu-bionic
[   11.765334] cloud-init[773]: The key's randomart image is:
[   11.767854] cloud-init[773]: +--[ED25519 256]--+
[   11.769592] cloud-init[773]: |        .  .o%XE*|
[   11.770974] cloud-init[773]: |       o .  *./=B|
[   11.772378] cloud-init[773]: |      . . ...B *.|
[   11.773705] cloud-init[773]: |     .     .o.  .|
[   11.774986] cloud-init[773]: |    .   S . .    |
[   11.776300] cloud-init[773]: |     . ..o .     |
[   11.777560] cloud-init[773]: |      .o..o.     |
[   11.778901] cloud-init[773]: |      ..+ o.     |
[   11.780206] cloud-init[773]: |        .*+.     |
[   11.781485] cloud-init[773]: +----[SHA256]-----+
[[0;32m  OK  [0m] Started Initial cloud-init job (metadata service crawler).
[[0;32m  OK  [0m] Reached target Network is Online.
[[0;32m  OK  [0m] Reached target Remote File Systems (Pre).
[[0;32m  OK  [0m] Reached target Remote File Systems.
         Starting Availability of block devices...
[[0;32m  OK  [0m] Reached target System Initialization.
[[0;32m  OK  [0m] Listening on ACPID Listen Socket.
         Starting Socket activation for snappy daemon.
[[0;32m  OK  [0m] Started Discard unused blocks once a week.
[[0;32m  OK  [0m] Started Daily apt download activities.
[[0;32m  OK  [0m] Listening on UUID daemon activation socket.
[[0;32m  OK  [0m] Listening on D-Bus System Message Bus Socket.
[[0;32m  OK  [0m] Started Daily Cleanup of Temporary Directories.
[[0;32m  OK  [0m] Started ACPI Events Check.
[[0;32m  OK  [0m] Reached target Paths.
[[0;32m  OK  [0m] Started Daily apt upgrade and clean activities.
[[0;32m  OK  [0m] Started Message of the Day.
[[0;32m  OK  [0m] Listening on Open-iSCSI iscsid Socket.
         Starting LXD - unix socket.
[[0;32m  OK  [0m] Reached target Timers.
[[0;32m  OK  [0m] Reached target Cloud-config availability.
[[0;32m  OK  [0m] Started Availability of block devices.
[[0;32m  OK  [0m] Listening on Socket activation for snappy daemon.
[[0;32m  OK  [0m] Listening on LXD - unix socket.
[[0;32m  OK  [0m] Reached target Sockets.
[[0;32m  OK  [0m] Reached target Basic System.
         Starting LSB: automatic crash report generation...
         Starting Dispatcher daemon for systemd-networkd...
         Starting Accounts Service...
         Starting Virtualbox guest utils...
[[0;32m  OK  [0m] Started Regular background program processing daemon.
[[0;32m  OK  [0m] Started Deferred execution scheduler.
         Starting Pollinate to seed the pseudo random number generator...
         Starting LXD - container startup/shutdown...
         Starting Login Service...
[[0;32m  OK  [0m] Started FUSE filesystem for LXC.
         Starting System Logging Service...
         Starting Permit User Sessions...
[[0;32m  OK  [0m] Started irqbalance daemon.
         Starting LSB: Record successful boot for GRUB...
         Starting Snappy daemon...
[[0;32m  OK  [0m] Started D-Bus System Message Bus.
[[0;32m  OK  [0m] Started System Logging Service.
[[0;32m  OK  [0m] Started Permit User Sessions.
[[0;32m  OK  [0m] Started Login Service.
[[0;32m  OK  [0m] Started Unattended Upgrades Shutdown.
         Starting Terminate Plymouth Boot Screen...
         Starting Hold until boot process finishes up...
[[0;32m  OK  [0m] Started Hold until boot process finishes up.
[[0;32m  OK  [0m] Started Serial Getty on ttyS0.
         Starting Set console scheme...
[[0;32m  OK  [0m] Started Terminate Plymouth Boot Screen.
[[0;32m  OK  [0m] Started Set console scheme.
[[0;32m  OK  [0m] Created slice system-getty.slice.
[[0;32m  OK  [0m] Started Getty on tty1.
[[0;32m  OK  [0m] Reached target Login Prompts.
         Starting Authorization Manager...
[[0;32m  OK  [0m] Started LSB: automatic crash report generation.
[[0;32m  OK  [0m] Started LXD - container startup/shutdown.
[[0;32m  OK  [0m] Started LSB: Record successful boot for GRUB.
[[0;32m  OK  [0m] Started Authorization Manager.
[[0;32m  OK  [0m] Started Accounts Service.
[[0;32m  OK  [0m] Started Virtualbox guest utils.
[[0;32m  OK  [0m] Started Dispatcher daemon for systemd-networkd.
[[0;32m  OK  [0m] Started Snappy daemon.
         Starting Wait until snapd is fully seeded...
[[0;32m  OK  [0m] Started Pollinate to seed the pseudo random number generator.
         Starting OpenBSD Secure Shell server...
[[0;32m  OK  [0m] Started OpenBSD Secure Shell server.
[[0;32m  OK  [0m] Created slice User Slice of vagrant.
         Starting User Manager for UID 1000...
[[0;32m  OK  [0m] Started Session 1 of user vagrant.
[[0;32m  OK  [0m] Started User Manager for UID 1000.
[[0;32m  OK  [0m] Started Wait until snapd is fully seeded.
         Starting Apply the settings specified in cloud-config...
[[0;32m  OK  [0m] Reached target Multi-User System.
[[0;32m  OK  [0m] Reached target Graphical Interface.
         Starting Update UTMP about System Runlevel Changes...
[[0;32m  OK  [0m] Started Update UTMP about System Runlevel Changes.

Ubuntu 18.04.3 LTS ubuntu-bionic ttyS0

ubuntu-bionic login: [   18.888606] cloud-init[1395]: Cloud-init v. 19.2-36-g059d049c-0ubuntu2~18.04.1 running 'modules:config' at Fri, 29 Nov 2019 06:13:04 +0000. Up 18.25 seconds.
ci-info: no authorized ssh keys fingerprints found for user ubuntu.
<14>Nov 29 06:13:05 ec2: 
<14>Nov 29 06:13:05 ec2: #############################################################
<14>Nov 29 06:13:05 ec2: -----BEGIN SSH HOST KEY FINGERPRINTS-----
<14>Nov 29 06:13:05 ec2: 1024 SHA256:8/lh0pk47SPa/6+VV8AmG6hGkiJG/1x2iQN+/5y/G3o root@ubuntu-bionic (DSA)
<14>Nov 29 06:13:05 ec2: 256 SHA256:x/nsi9JOLsiZeV8Vt5jFDfMpsYwoJXmY7ErORTkjQvw root@ubuntu-bionic (ECDSA)
<14>Nov 29 06:13:05 ec2: 256 SHA256:ClXe6ytvuYK1S11Rk5kPwXJncTwwXidDHeEQK5dkUnQ root@ubuntu-bionic (ED25519)
<14>Nov 29 06:13:05 ec2: 2048 SHA256:tNOEsGEahc76stPh+BSH2gMCKTTgNAjHdk5HFkLvxPA root@ubuntu-bionic (RSA)
<14>Nov 29 06:13:05 ec2: -----END SSH HOST KEY FINGERPRINTS-----
<14>Nov 29 06:13:05 ec2: #############################################################
-----BEGIN SSH HOST KEY KEYS-----
ecdsa-sha2-nistp256 AAAAE2VjZHNhLXNoYTItbmlzdHAyNTYAAAAIbmlzdHAyNTYAAABBBIrJ9SKx9nrRBL2WQwKrlFC9Nz/NyqfIUzz4+MtedLLQ04KKQmtCQzj6gtAhpWBlZg92UzSR5cyeBxHV3xTAdV4= root@ubuntu-bionic
ssh-ed25519 AAAAC3NzaC1lZDI1NTE5AAAAIGUm45rLW2AJ44w/u8ECk3Es34eYDvl4duy/mrt6uDs2 root@ubuntu-bionic
ssh-rsa AAAAB3NzaC1yc2EAAAADAQABAAABAQC5bWUdngbVN/Gq0j53nHx9GV+tf2I6OPnny6jEhmHVkAwpYtUH4iz2rnTylkUVJ+EgTi1Lf5/72v5gPVVeReveGrLbP6Ri6+hXTePUpaSN2zJcurM2MgXtpTcAHBQPNavwrqUcjIQ2vNUQwOTUSoSWoMnaCfSgVPAT4Wahk28Tpbz1SpA5VqwWqzA1TSVq1yzq2Y7V4TrFKAwFz6Ii9EteoPj8EyTFeqDaWenj+r1c6ViDCJFgXoAyNSr/s8JjgSF69m9daAvTFApUSd+YiILiLC5cfEg7kli7hC8ts3578vunPKI5eNmrQHDvRjU4TIiihCc2bt6ZGUDjVgRYumpJ root@ubuntu-bionic
-----END SSH HOST KEY KEYS-----
[   19.761902] cloud-init[1565]: Cloud-init v. 19.2-36-g059d049c-0ubuntu2~18.04.1 running 'modules:final' at Fri, 29 Nov 2019 06:13:05 +0000. Up 19.51 seconds.
[   19.762452] cloud-init[1565]: ci-info: no authorized ssh keys fingerprints found for user ubuntu.
[   19.762775] cloud-init[1565]: Cloud-init v. 19.2-36-g059d049c-0ubuntu2~18.04.1 finished at Fri, 29 Nov 2019 06:13:05 +0000. Datasource DataSourceNoCloud [seed=/dev/sdb][dsmode=net].  Up 19.74 seconds
